C:\Users\Jacob\Documents\GitHub\PLC\Lyskryds_i_to_retninger_jbl_all\Lyskryds_i_to_retninger_jbl\Logical\Global.typ
C:\Users\Jacob\Documents\GitHub\PLC\Lyskryds_i_to_retninger_jbl_all\Lyskryds_i_to_retninger_jbl\Logical\Global.var
C:\Users\Jacob\Documents\GitHub\PLC\Lyskryds_i_to_retninger_jbl_all\Lyskryds_i_to_retninger_jbl\Logical\Libraries\operator\operator.fun
C:\Users\Jacob\Documents\GitHub\PLC\Lyskryds_i_to_retninger_jbl_all\Lyskryds_i_to_retninger_jbl\Logical\Libraries\operator\operator.typ
C:\Users\Jacob\Documents\GitHub\PLC\Lyskryds_i_to_retninger_jbl_all\Lyskryds_i_to_retninger_jbl\Logical\Libraries\operator\operator.var
C:\Users\Jacob\Documents\GitHub\PLC\Lyskryds_i_to_retninger_jbl_all\Lyskryds_i_to_retninger_jbl\Logical\Libraries\runtime\runtime.fun
C:\Users\Jacob\Documents\GitHub\PLC\Lyskryds_i_to_retninger_jbl_all\Lyskryds_i_to_retninger_jbl\Logical\Libraries\runtime\runtime.typ
C:\Users\Jacob\Documents\GitHub\PLC\Lyskryds_i_to_retninger_jbl_all\Lyskryds_i_to_retninger_jbl\Logical\Libraries\runtime\runtime.var
C:\Users\Jacob\Documents\GitHub\PLC\Lyskryds_i_to_retninger_jbl_all\Lyskryds_i_to_retninger_jbl\Logical\Libraries\astime\astime.fun
C:\Users\Jacob\Documents\GitHub\PLC\Lyskryds_i_to_retninger_jbl_all\Lyskryds_i_to_retninger_jbl\Logical\Libraries\astime\astime.typ
C:\Users\Jacob\Documents\GitHub\PLC\Lyskryds_i_to_retninger_jbl_all\Lyskryds_i_to_retninger_jbl\Logical\Libraries\astime\astime.var
C:\Users\Jacob\Documents\GitHub\PLC\Lyskryds_i_to_retninger_jbl_all\Lyskryds_i_to_retninger_jbl\Logical\Libraries\AsIecCon\AsIecCon.fun
C:\Users\Jacob\Documents\GitHub\PLC\Lyskryds_i_to_retninger_jbl_all\Lyskryds_i_to_retninger_jbl\Logical\Libraries\AsIecCon\AsIecCon.typ
C:\Users\Jacob\Documents\GitHub\PLC\Lyskryds_i_to_retninger_jbl_all\Lyskryds_i_to_retninger_jbl\Logical\Libraries\AsIecCon\AsIecCon.var
C:\Users\Jacob\Documents\GitHub\PLC\Lyskryds_i_to_retninger_jbl_all\Lyskryds_i_to_retninger_jbl\Logical\Libraries\standard\standard.fun
C:\Users\Jacob\Documents\GitHub\PLC\Lyskryds_i_to_retninger_jbl_all\Lyskryds_i_to_retninger_jbl\Logical\Libraries\standard\standard.typ
C:\Users\Jacob\Documents\GitHub\PLC\Lyskryds_i_to_retninger_jbl_all\Lyskryds_i_to_retninger_jbl\Logical\Libraries\standard\standard.var
