C:\Users\andre\Documents\GitHub\PLC\lektion_8_agdp\lektion_8_agdp\Logical\Global.typ
C:\Users\andre\Documents\GitHub\PLC\lektion_8_agdp\lektion_8_agdp\Logical\Global.var
C:\Users\andre\Documents\GitHub\PLC\lektion_8_agdp\lektion_8_agdp\Logical\Libraries\operator\operator.fun
C:\Users\andre\Documents\GitHub\PLC\lektion_8_agdp\lektion_8_agdp\Logical\Libraries\operator\operator.typ
C:\Users\andre\Documents\GitHub\PLC\lektion_8_agdp\lektion_8_agdp\Logical\Libraries\operator\operator.var
C:\Users\andre\Documents\GitHub\PLC\lektion_8_agdp\lektion_8_agdp\Logical\Libraries\runtime\runtime.fun
C:\Users\andre\Documents\GitHub\PLC\lektion_8_agdp\lektion_8_agdp\Logical\Libraries\runtime\runtime.typ
C:\Users\andre\Documents\GitHub\PLC\lektion_8_agdp\lektion_8_agdp\Logical\Libraries\runtime\runtime.var
C:\Users\andre\Documents\GitHub\PLC\lektion_8_agdp\lektion_8_agdp\Logical\Libraries\astime\astime.fun
C:\Users\andre\Documents\GitHub\PLC\lektion_8_agdp\lektion_8_agdp\Logical\Libraries\astime\astime.typ
C:\Users\andre\Documents\GitHub\PLC\lektion_8_agdp\lektion_8_agdp\Logical\Libraries\astime\astime.var
C:\Users\andre\Documents\GitHub\PLC\lektion_8_agdp\lektion_8_agdp\Logical\Libraries\AsIecCon\AsIecCon.fun
C:\Users\andre\Documents\GitHub\PLC\lektion_8_agdp\lektion_8_agdp\Logical\Libraries\AsIecCon\AsIecCon.typ
C:\Users\andre\Documents\GitHub\PLC\lektion_8_agdp\lektion_8_agdp\Logical\Libraries\AsIecCon\AsIecCon.var
