C:\GitHub\PLC\Lecture_06_blinklys\Logical\Global.typ
C:\GitHub\PLC\Lecture_06_blinklys\Logical\Global.var
C:\GitHub\PLC\Lecture_06_blinklys\Logical\Libraries\operator\operator.fun
C:\GitHub\PLC\Lecture_06_blinklys\Logical\Libraries\operator\operator.typ
C:\GitHub\PLC\Lecture_06_blinklys\Logical\Libraries\operator\operator.var
C:\GitHub\PLC\Lecture_06_blinklys\Logical\Libraries\runtime\runtime.fun
C:\GitHub\PLC\Lecture_06_blinklys\Logical\Libraries\runtime\runtime.typ
C:\GitHub\PLC\Lecture_06_blinklys\Logical\Libraries\runtime\runtime.var
C:\GitHub\PLC\Lecture_06_blinklys\Logical\Libraries\astime\astime.fun
C:\GitHub\PLC\Lecture_06_blinklys\Logical\Libraries\astime\astime.typ
C:\GitHub\PLC\Lecture_06_blinklys\Logical\Libraries\astime\astime.var
C:\GitHub\PLC\Lecture_06_blinklys\Logical\Libraries\AsIecCon\AsIecCon.fun
C:\GitHub\PLC\Lecture_06_blinklys\Logical\Libraries\AsIecCon\AsIecCon.typ
C:\GitHub\PLC\Lecture_06_blinklys\Logical\Libraries\AsIecCon\AsIecCon.var
C:\GitHub\PLC\Lecture_06_blinklys\Logical\Libraries\standard\standard.fun
C:\GitHub\PLC\Lecture_06_blinklys\Logical\Libraries\standard\standard.typ
C:\GitHub\PLC\Lecture_06_blinklys\Logical\Libraries\standard\standard.var
