<?xml version="1.0" encoding="utf-8"?>
<?AutomationStudio Version="4.8.2.72"?>
<Objects>
  <Object
    Path="C:\Users\andre\Documents\GitHub\PLC\lektion_VI_agdp\Logical\Package.pkg"
    LogicalPath=""
    Type="Package.ParentUnknown"
    LastWriteTime="132464626012899191" />
  <Object
    Path="C:\Users\andre\Documents\GitHub\PLC\lektion_VI_agdp\Logical\Global.typ"
    LogicalPath="Global.typ"
    Type="File"
    LastWriteTime="132461904288702332"
    Private="false" />
  <Object
    Path="C:\Users\andre\Documents\GitHub\PLC\lektion_VI_agdp\Logical\Global.var"
    LogicalPath="Global.var"
    Type="File"
    LastWriteTime="132461904288941716"
    Private="false" />
  <Object
    Path="C:\Users\andre\Documents\GitHub\PLC\lektion_VI_agdp\Logical\Libraries\Package.pkg"
    LogicalPath="Libraries"
    Type="Package"
    LastWriteTime="132464622945918630" />
  <Object
    Path="C:\Users\andre\Documents\GitHub\PLC\lektion_VI_agdp\Logical\Libraries\operator\binary.lby"
    LogicalPath="Libraries.operator"
    Type="Library"
    LastWriteTime="132461904320468010" />
  <Object
    Path="C:\Users\andre\Documents\GitHub\PLC\lektion_VI_agdp\Logical\Libraries\operator\operator.fun"
    LogicalPath="Libraries.operator.operator.fun"
    Type="File"
    LastWriteTime="132461904320298410"
    Private="false" />
  <Object
    Path="C:\Users\andre\Documents\GitHub\PLC\lektion_VI_agdp\Logical\Libraries\operator\operator.typ"
    LogicalPath="Libraries.operator.operator.typ"
    Type="File"
    LastWriteTime="132461904320388179"
    Private="false" />
  <Object
    Path="C:\Users\andre\Documents\GitHub\PLC\lektion_VI_agdp\Logical\Libraries\operator\operator.var"
    LogicalPath="Libraries.operator.operator.var"
    Type="File"
    LastWriteTime="132461904320468010"
    Private="false" />
  <Object
    Path="C:\Users\andre\Documents\GitHub\PLC\lektion_VI_agdp\Logical\Libraries\runtime\binary.lby"
    LogicalPath="Libraries.runtime"
    Type="Library"
    LastWriteTime="132461904325041007" />
  <Object
    Path="C:\Users\andre\Documents\GitHub\PLC\lektion_VI_agdp\Logical\Libraries\runtime\runtime.fun"
    LogicalPath="Libraries.runtime.runtime.fun"
    Type="File"
    LastWriteTime="132461904324791691"
    Private="false" />
  <Object
    Path="C:\Users\andre\Documents\GitHub\PLC\lektion_VI_agdp\Logical\Libraries\runtime\runtime.typ"
    LogicalPath="Libraries.runtime.runtime.typ"
    Type="File"
    LastWriteTime="132461904324951621"
    Private="false" />
  <Object
    Path="C:\Users\andre\Documents\GitHub\PLC\lektion_VI_agdp\Logical\Libraries\runtime\runtime.var"
    LogicalPath="Libraries.runtime.runtime.var"
    Type="File"
    LastWriteTime="132461904325041007"
    Private="false" />
  <Object
    Path="C:\Users\andre\Documents\GitHub\PLC\lektion_VI_agdp\Logical\Libraries\astime\binary.lby"
    LogicalPath="Libraries.astime"
    Type="Library"
    LastWriteTime="132461904329590893" />
  <Object
    Path="C:\Users\andre\Documents\GitHub\PLC\lektion_VI_agdp\Logical\Libraries\astime\astime.fun"
    LogicalPath="Libraries.astime.astime.fun"
    Type="File"
    LastWriteTime="132461904329431313"
    Private="false" />
  <Object
    Path="C:\Users\andre\Documents\GitHub\PLC\lektion_VI_agdp\Logical\Libraries\astime\astime.typ"
    LogicalPath="Libraries.astime.astime.typ"
    Type="File"
    LastWriteTime="132461904329501164"
    Private="false" />
  <Object
    Path="C:\Users\andre\Documents\GitHub\PLC\lektion_VI_agdp\Logical\Libraries\astime\astime.var"
    LogicalPath="Libraries.astime.astime.var"
    Type="File"
    LastWriteTime="132461904329580937"
    Private="false" />
  <Object
    Path="C:\Users\andre\Documents\GitHub\PLC\lektion_VI_agdp\Logical\Libraries\AsIecCon\binary.lby"
    LogicalPath="Libraries.AsIecCon"
    Type="Library"
    LastWriteTime="132461904334046819" />
  <Object
    Path="C:\Users\andre\Documents\GitHub\PLC\lektion_VI_agdp\Logical\Libraries\AsIecCon\AsIecCon.fun"
    LogicalPath="Libraries.AsIecCon.AsIecCon.fun"
    Type="File"
    LastWriteTime="132461904333986704"
    Private="false" />
  <Object
    Path="C:\Users\andre\Documents\GitHub\PLC\lektion_VI_agdp\Logical\Libraries\AsIecCon\AsIecCon.typ"
    LogicalPath="Libraries.AsIecCon.AsIecCon.typ"
    Type="File"
    LastWriteTime="132461904334016547"
    Private="false" />
  <Object
    Path="C:\Users\andre\Documents\GitHub\PLC\lektion_VI_agdp\Logical\Libraries\AsIecCon\AsIecCon.var"
    LogicalPath="Libraries.AsIecCon.AsIecCon.var"
    Type="File"
    LastWriteTime="132461904334046819"
    Private="false" />
  <Object
    Path="C:\Users\andre\Documents\GitHub\PLC\lektion_VI_agdp\Logical\Opg1\IEC.prg"
    LogicalPath="Opg1"
    Type="Program"
    LastWriteTime="132461904576507260" />
  <Object
    Path="C:\Users\andre\Documents\GitHub\PLC\lektion_VI_agdp\Logical\Opg1\Main.st"
    LogicalPath="Opg1.Main.st"
    Type="File"
    LastWriteTime="132464626421093072"
    Private="false" />
  <Object
    Path="C:\Users\andre\Documents\GitHub\PLC\lektion_VI_agdp\Logical\Opg1\Types.typ"
    LogicalPath="Opg1.Types.typ"
    Type="File"
    LastWriteTime="132464588117809261"
    Private="true" />
  <Object
    Path="C:\Users\andre\Documents\GitHub\PLC\lektion_VI_agdp\Logical\Opg1\Variables.var"
    LogicalPath="Opg1.Variables.var"
    Type="File"
    LastWriteTime="132464622946028322"
    Private="true" />
  <Object
    Path="C:\Users\andre\Documents\GitHub\PLC\lektion_VI_agdp\Logical\Opg2\IEC.prg"
    LogicalPath="Opg2"
    Type="Program"
    LastWriteTime="132464625941125467" />
  <Object
    Path="C:\Users\andre\Documents\GitHub\PLC\lektion_VI_agdp\Logical\Opg2\Main.st"
    LogicalPath="Opg2.Main.st"
    Type="File"
    LastWriteTime="132464636598461977"
    Private="false" />
  <Object
    Path="C:\Users\andre\Documents\GitHub\PLC\lektion_VI_agdp\Logical\Opg2\Types.typ"
    LogicalPath="Opg2.Types.typ"
    Type="File"
    LastWriteTime="132464625941115395"
    Private="true" />
  <Object
    Path="C:\Users\andre\Documents\GitHub\PLC\lektion_VI_agdp\Logical\Opg2\Variables.var"
    LogicalPath="Opg2.Variables.var"
    Type="File"
    LastWriteTime="132464634875513631"
    Private="true" />
  <Object
    Path="C:\Users\andre\Documents\GitHub\PLC\lektion_VI_agdp\Physical\Config1\Config.pkg"
    LogicalPath="Config1"
    Type="Configuration.ParentUnknown"
    LastWriteTime="132461904374825442" />
  <Object
    Path="C:\Users\andre\Documents\GitHub\PLC\lektion_VI_agdp\Physical\Config1\Hardware.hw"
    LogicalPath="Config1.Hardware.hw"
    Type="File"
    LastWriteTime="132461908216960099"
    Private="false" />
  <Object
    Path="C:\Users\andre\Documents\GitHub\PLC\lektion_VI_agdp\Physical\Config1\Hardware.hwl"
    LogicalPath="Config1.Hardware.hwl"
    Type="File"
    LastWriteTime="132464630553074184"
    Private="false" />
  <Object
    Path="C:\Users\andre\Documents\GitHub\PLC\lektion_VI_agdp\Physical\Config1\X20CP1382\Cpu.pkg"
    LogicalPath="Config1.X20CP1382"
    Type="Cpu"
    LastWriteTime="132461904349470832" />
  <Object
    Path="C:\Users\andre\Documents\GitHub\PLC\lektion_VI_agdp\Physical\Config1\X20CP1382\Cpu.sw"
    LogicalPath="Config1.X20CP1382.Cpu.sw"
    Type="File"
    LastWriteTime="132464626013028842"
    Private="false" />
  <Object
    Path="C:\Users\andre\Documents\GitHub\PLC\lektion_VI_agdp\Physical\Config1\X20CP1382\Cpu.per"
    LogicalPath="Config1.X20CP1382.Cpu.per"
    Type="File"
    LastWriteTime="132461904344359805"
    Private="false" />
  <Object
    Path="C:\Users\andre\Documents\GitHub\PLC\lektion_VI_agdp\Physical\Config1\X20CP1382\IoMap.iom"
    LogicalPath="Config1.X20CP1382.IoMap.iom"
    Type="File"
    LastWriteTime="132461904344479513"
    Private="false" />
  <Object
    Path="C:\Users\andre\Documents\GitHub\PLC\lektion_VI_agdp\Physical\Config1\X20CP1382\PvMap.vvm"
    LogicalPath="Config1.X20CP1382.PvMap.vvm"
    Type="File"
    LastWriteTime="132461904344579246"
    Private="false" />
  <Object
    Path="C:\Users\andre\Documents\GitHub\PLC\lektion_VI_agdp\Physical\Config1\X20CP1382\Connectivity\Package.pkg"
    LogicalPath="Config1.X20CP1382.Connectivity"
    Type="Package"
    LastWriteTime="132461904346482940" />
  <Object
    Path="C:\Users\andre\Documents\GitHub\PLC\lektion_VI_agdp\Physical\Config1\X20CP1382\Connectivity\OpcUA\Package.pkg"
    LogicalPath="Config1.X20CP1382.Connectivity.OpcUA"
    Type="Package"
    LastWriteTime="132461904346413130" />
  <Object
    Path="C:\Users\andre\Documents\GitHub\PLC\lektion_VI_agdp\Physical\Config1\X20CP1382\TextSystem\Package.pkg"
    LogicalPath="Config1.X20CP1382.TextSystem"
    Type="Package"
    LastWriteTime="132461904346642520" />
  <Object
    Path="C:\Users\andre\Documents\GitHub\PLC\lektion_VI_agdp\Physical\Config1\X20CP1382\UnitSystem\Package.pkg"
    LogicalPath="Config1.X20CP1382.UnitSystem"
    Type="Package"
    LastWriteTime="132461904346822038" />
  <Object
    Path="C:\Users\andre\Documents\GitHub\PLC\lektion_VI_agdp\Physical\Config1\X20CP1382\AccessAndSecurity\Package.pkg"
    LogicalPath="Config1.X20CP1382.AccessAndSecurity"
    Type="Package"
    LastWriteTime="132461904348696259" />
  <Object
    Path="C:\Users\andre\Documents\GitHub\PLC\lektion_VI_agdp\Physical\Config1\X20CP1382\AccessAndSecurity\UserRoleSystem\Package.pkg"
    LogicalPath="Config1.X20CP1382.AccessAndSecurity.UserRoleSystem"
    Type="Package"
    LastWriteTime="132461904347210995" />
  <Object
    Path="C:\Users\andre\Documents\GitHub\PLC\lektion_VI_agdp\Physical\Config1\X20CP1382\AccessAndSecurity\UserRoleSystem\Role.role"
    LogicalPath="Config1.X20CP1382.AccessAndSecurity.UserRoleSystem.Role.role"
    Type="File"
    LastWriteTime="132461904347111609"
    Private="false" />
  <Object
    Path="C:\Users\andre\Documents\GitHub\PLC\lektion_VI_agdp\Physical\Config1\X20CP1382\AccessAndSecurity\UserRoleSystem\User.user"
    LogicalPath="Config1.X20CP1382.AccessAndSecurity.UserRoleSystem.User.user"
    Type="File"
    LastWriteTime="132461904347210995"
    Private="false" />
  <Object
    Path="C:\Users\andre\Documents\GitHub\PLC\lektion_VI_agdp\Physical\Config1\X20CP1382\AccessAndSecurity\CertificateStore\Package.pkg"
    LogicalPath="Config1.X20CP1382.AccessAndSecurity.CertificateStore"
    Type="Package"
    LastWriteTime="132461904348317311" />
  <Object
    Path="C:\Users\andre\Documents\GitHub\PLC\lektion_VI_agdp\Physical\Config1\X20CP1382\AccessAndSecurity\CertificateStore\OwnCertificates\Package.pkg"
    LogicalPath="Config1.X20CP1382.AccessAndSecurity.CertificateStore.OwnCertificates"
    Type="Package"
    LastWriteTime="132461904347546901" />
  <Object
    Path="C:\Users\andre\Documents\GitHub\PLC\lektion_VI_agdp\Physical\Config1\X20CP1382\AccessAndSecurity\CertificateStore\OwnCertificates\Certificates\Package.pkg"
    LogicalPath="Config1.X20CP1382.AccessAndSecurity.CertificateStore.OwnCertificates.Certificates"
    Type="Package"
    LastWriteTime="132461904347370596" />
  <Object
    Path="C:\Users\andre\Documents\GitHub\PLC\lektion_VI_agdp\Physical\Config1\X20CP1382\AccessAndSecurity\CertificateStore\OwnCertificates\PrivateKeys\Package.pkg"
    LogicalPath="Config1.X20CP1382.AccessAndSecurity.CertificateStore.OwnCertificates.PrivateKeys"
    Type="Package"
    LastWriteTime="132461904347480271" />
  <Object
    Path="C:\Users\andre\Documents\GitHub\PLC\lektion_VI_agdp\Physical\Config1\X20CP1382\AccessAndSecurity\CertificateStore\ThirdPartyCertificates\Package.pkg"
    LogicalPath="Config1.X20CP1382.AccessAndSecurity.CertificateStore.ThirdPartyCertificates"
    Type="Package"
    LastWriteTime="132461904348047988" />
  <Object
    Path="C:\Users\andre\Documents\GitHub\PLC\lektion_VI_agdp\Physical\Config1\X20CP1382\AccessAndSecurity\CertificateStore\ThirdPartyCertificates\SoftwareCertificates\Package.pkg"
    LogicalPath="Config1.X20CP1382.AccessAndSecurity.CertificateStore.ThirdPartyCertificates.SoftwareCertificates"
    Type="Package"
    LastWriteTime="132461904347978186" />
  <Object
    Path="C:\Users\andre\Documents\GitHub\PLC\lektion_VI_agdp\Physical\Config1\X20CP1382\AccessAndSecurity\CertificateStore\CertificateRevocationLists\Package.pkg"
    LogicalPath="Config1.X20CP1382.AccessAndSecurity.CertificateStore.CertificateRevocationLists"
    Type="Package"
    LastWriteTime="132461904348147724" />
  <Object
    Path="C:\Users\andre\Documents\GitHub\PLC\lektion_VI_agdp\Physical\Config1\X20CP1382\AccessAndSecurity\CertificateStore\CertificateSigningRequests\Package.pkg"
    LogicalPath="Config1.X20CP1382.AccessAndSecurity.CertificateStore.CertificateSigningRequests"
    Type="Package"
    LastWriteTime="132461904348247458" />
  <Object
    Path="C:\Users\andre\Documents\GitHub\PLC\lektion_VI_agdp\Physical\Config1\X20CP1382\AccessAndSecurity\TransportLayerSecurity\Package.pkg"
    LogicalPath="Config1.X20CP1382.AccessAndSecurity.TransportLayerSecurity"
    Type="Package"
    LastWriteTime="132461904348427321" />
  <Object
    Path="C:\Users\andre\Documents\GitHub\PLC\lektion_VI_agdp\Physical\Config1\X20CP1382\AccessAndSecurity\Firewall\Package.pkg"
    LogicalPath="Config1.X20CP1382.AccessAndSecurity.Firewall"
    Type="Package"
    LastWriteTime="132461904348626440" />
  <Object
    Path="C:\Users\andre\Documents\GitHub\PLC\lektion_VI_agdp\Physical\Config1\X20CP1382\AccessAndSecurity\Firewall\Rules.firewallRules"
    LogicalPath="Config1.X20CP1382.AccessAndSecurity.Firewall.Rules.firewallRules"
    Type="File"
    LastWriteTime="132461904348616472"
    Private="false" />
  <Object
    Path="C:\Users\andre\Documents\GitHub\PLC\lektion_VI_agdp\Physical\Config1\X20CP1382\mappControl\Package.pkg"
    LogicalPath="Config1.X20CP1382.mappControl"
    Type="Package"
    LastWriteTime="132461904348865835" />
  <Object
    Path="C:\Users\andre\Documents\GitHub\PLC\lektion_VI_agdp\Physical\Config1\X20CP1382\mappMotion\Package.pkg"
    LogicalPath="Config1.X20CP1382.mappMotion"
    Type="Package"
    LastWriteTime="132461904348985488" />
  <Object
    Path="C:\Users\andre\Documents\GitHub\PLC\lektion_VI_agdp\Physical\Config1\X20CP1382\mappServices\Package.pkg"
    LogicalPath="Config1.X20CP1382.mappServices"
    Type="Package"
    LastWriteTime="132461904349105163" />
  <Object
    Path="C:\Users\andre\Documents\GitHub\PLC\lektion_VI_agdp\Physical\Config1\X20CP1382\mappView\Package.pkg"
    LogicalPath="Config1.X20CP1382.mappView"
    Type="Package"
    LastWriteTime="132461904349224848" />
  <Object
    Path="C:\Users\andre\Documents\GitHub\PLC\lektion_VI_agdp\Physical\Config1\X20CP1382\mappCockpit\Package.pkg"
    LogicalPath="Config1.X20CP1382.mappCockpit"
    Type="Package"
    LastWriteTime="132461904349394413" />
  <Object
    Path="C:\Users\andre\Documents\GitHub\PLC\lektion_VI_agdp\Physical\Config1\Hardware.jpg"
    LogicalPath="Config1.Hardware.jpg"
    Type="File"
    LastWriteTime="132464630553173943"
    Private="false" />
</Objects>