<?xml version="1.0" encoding="utf-8"?>
<?AutomationStudio Version="4.8.2.72"?>
<Objects>
  <Object
    Path="C:\GitHub\PLC\Lecture_07_jbl\Logical\Package.pkg"
    LogicalPath=""
    Type="Package.ParentUnknown"
    LastWriteTime="132476517532635331" />
  <Object
    Path="C:\GitHub\PLC\Lecture_07_jbl\Logical\Global.typ"
    LogicalPath="Global.typ"
    Type="File"
    LastWriteTime="132464585161620867"
    Private="false" />
  <Object
    Path="C:\GitHub\PLC\Lecture_07_jbl\Logical\Global.var"
    LogicalPath="Global.var"
    Type="File"
    LastWriteTime="132464585161927709"
    Private="false" />
  <Object
    Path="C:\GitHub\PLC\Lecture_07_jbl\Logical\Libraries\Package.pkg"
    LogicalPath="Libraries"
    Type="Package"
    LastWriteTime="132464588112253207" />
  <Object
    Path="C:\GitHub\PLC\Lecture_07_jbl\Logical\Libraries\operator\binary.lby"
    LogicalPath="Libraries.operator"
    Type="Library"
    LastWriteTime="132464585193466401" />
  <Object
    Path="C:\GitHub\PLC\Lecture_07_jbl\Logical\Libraries\operator\operator.fun"
    LogicalPath="Libraries.operator.operator.fun"
    Type="File"
    LastWriteTime="132464585193295403"
    Private="false" />
  <Object
    Path="C:\GitHub\PLC\Lecture_07_jbl\Logical\Libraries\operator\operator.typ"
    LogicalPath="Libraries.operator.operator.typ"
    Type="File"
    LastWriteTime="132464585193386576"
    Private="false" />
  <Object
    Path="C:\GitHub\PLC\Lecture_07_jbl\Logical\Libraries\operator\operator.var"
    LogicalPath="Libraries.operator.operator.var"
    Type="File"
    LastWriteTime="132464585193456430"
    Private="false" />
  <Object
    Path="C:\GitHub\PLC\Lecture_07_jbl\Logical\Libraries\runtime\binary.lby"
    LogicalPath="Libraries.runtime"
    Type="Library"
    LastWriteTime="132464585198160916" />
  <Object
    Path="C:\GitHub\PLC\Lecture_07_jbl\Logical\Libraries\runtime\runtime.fun"
    LogicalPath="Libraries.runtime.runtime.fun"
    Type="File"
    LastWriteTime="132464585197961454"
    Private="false" />
  <Object
    Path="C:\GitHub\PLC\Lecture_07_jbl\Logical\Libraries\runtime\runtime.typ"
    LogicalPath="Libraries.runtime.runtime.typ"
    Type="File"
    LastWriteTime="132464585198051231"
    Private="false" />
  <Object
    Path="C:\GitHub\PLC\Lecture_07_jbl\Logical\Libraries\runtime\runtime.var"
    LogicalPath="Libraries.runtime.runtime.var"
    Type="File"
    LastWriteTime="132464585198150949"
    Private="false" />
  <Object
    Path="C:\GitHub\PLC\Lecture_07_jbl\Logical\Libraries\astime\binary.lby"
    LogicalPath="Libraries.astime"
    Type="Library"
    LastWriteTime="132464585203459845" />
  <Object
    Path="C:\GitHub\PLC\Lecture_07_jbl\Logical\Libraries\astime\astime.fun"
    LogicalPath="Libraries.astime.astime.fun"
    Type="File"
    LastWriteTime="132464585203346427"
    Private="false" />
  <Object
    Path="C:\GitHub\PLC\Lecture_07_jbl\Logical\Libraries\astime\astime.typ"
    LogicalPath="Libraries.astime.astime.typ"
    Type="File"
    LastWriteTime="132464585203381456"
    Private="false" />
  <Object
    Path="C:\GitHub\PLC\Lecture_07_jbl\Logical\Libraries\astime\astime.var"
    LogicalPath="Libraries.astime.astime.var"
    Type="File"
    LastWriteTime="132464585203449868"
    Private="false" />
  <Object
    Path="C:\GitHub\PLC\Lecture_07_jbl\Logical\Libraries\AsIecCon\binary.lby"
    LogicalPath="Libraries.AsIecCon"
    Type="Library"
    LastWriteTime="132464585208060323" />
  <Object
    Path="C:\GitHub\PLC\Lecture_07_jbl\Logical\Libraries\AsIecCon\AsIecCon.fun"
    LogicalPath="Libraries.AsIecCon.AsIecCon.fun"
    Type="File"
    LastWriteTime="132464585207970587"
    Private="false" />
  <Object
    Path="C:\GitHub\PLC\Lecture_07_jbl\Logical\Libraries\AsIecCon\AsIecCon.typ"
    LogicalPath="Libraries.AsIecCon.AsIecCon.typ"
    Type="File"
    LastWriteTime="132464585208010482"
    Private="false" />
  <Object
    Path="C:\GitHub\PLC\Lecture_07_jbl\Logical\Libraries\AsIecCon\AsIecCon.var"
    LogicalPath="Libraries.AsIecCon.AsIecCon.var"
    Type="File"
    LastWriteTime="132464585208050346"
    Private="false" />
  <Object
    Path="C:\GitHub\PLC\Lecture_07_jbl\Logical\Libraries\standard\binary.lby"
    LogicalPath="Libraries.standard"
    Type="Library"
    LastWriteTime="132464588111971138" />
  <Object
    Path="C:\GitHub\PLC\Lecture_07_jbl\Logical\Libraries\standard\standard.fun"
    LogicalPath="Libraries.standard.standard.fun"
    Type="File"
    LastWriteTime="132464588111891314"
    Private="false" />
  <Object
    Path="C:\GitHub\PLC\Lecture_07_jbl\Logical\Libraries\standard\standard.typ"
    LogicalPath="Libraries.standard.standard.typ"
    Type="File"
    LastWriteTime="132464588111921236"
    Private="false" />
  <Object
    Path="C:\GitHub\PLC\Lecture_07_jbl\Logical\Libraries\standard\standard.var"
    LogicalPath="Libraries.standard.standard.var"
    Type="File"
    LastWriteTime="132464588111961129"
    Private="false" />
  <Object
    Path="C:\GitHub\PLC\Lecture_07_jbl\Logical\Blinklys_opg_i_timerne\IEC.prg"
    LogicalPath="Blinklys_opg_i_timerne"
    Type="Program"
    LastWriteTime="132464628547991546" />
  <Object
    Path="C:\GitHub\PLC\Lecture_07_jbl\Logical\Blinklys_opg_i_timerne\Main.st"
    LogicalPath="Blinklys_opg_i_timerne.Main.st"
    Type="File"
    LastWriteTime="132464628547931732"
    Private="false" />
  <Object
    Path="C:\GitHub\PLC\Lecture_07_jbl\Logical\Blinklys_opg_i_timerne\Types.typ"
    LogicalPath="Blinklys_opg_i_timerne.Types.typ"
    Type="File"
    LastWriteTime="132464628547951756"
    Private="true" />
  <Object
    Path="C:\GitHub\PLC\Lecture_07_jbl\Logical\Blinklys_opg_i_timerne\Variables.var"
    LogicalPath="Blinklys_opg_i_timerne.Variables.var"
    Type="File"
    LastWriteTime="132464628547991546"
    Private="true" />
  <Object
    Path="C:\GitHub\PLC\Lecture_07_jbl\Logical\Opgave1\IEC.prg"
    LogicalPath="Opgave1"
    Type="Program"
    LastWriteTime="132464628488545026" />
  <Object
    Path="C:\GitHub\PLC\Lecture_07_jbl\Logical\Opgave1\Main.st"
    LogicalPath="Opgave1.Main.st"
    Type="File"
    LastWriteTime="132476517931772449"
    Private="false" />
  <Object
    Path="C:\GitHub\PLC\Lecture_07_jbl\Logical\Opgave1\Types.typ"
    LogicalPath="Opgave1.Types.typ"
    Type="File"
    LastWriteTime="132464628488525077"
    Private="true" />
  <Object
    Path="C:\GitHub\PLC\Lecture_07_jbl\Logical\Opgave1\Variables.var"
    LogicalPath="Opgave1.Variables.var"
    Type="File"
    LastWriteTime="132476517976434246"
    Private="true" />
  <Object
    Path="C:\GitHub\PLC\Lecture_07_jbl\Logical\Opgave2\IEC.prg"
    LogicalPath="Opgave2"
    Type="Program"
    LastWriteTime="132476517532535697" />
  <Object
    Path="C:\GitHub\PLC\Lecture_07_jbl\Logical\Opgave2\Main.st"
    LogicalPath="Opgave2.Main.st"
    Type="File"
    LastWriteTime="132476519394726985"
    Private="false" />
  <Object
    Path="C:\GitHub\PLC\Lecture_07_jbl\Logical\Opgave2\Types.typ"
    LogicalPath="Opgave2.Types.typ"
    Type="File"
    LastWriteTime="132476517532493464"
    Private="true" />
  <Object
    Path="C:\GitHub\PLC\Lecture_07_jbl\Logical\Opgave2\Variables.var"
    LogicalPath="Opgave2.Variables.var"
    Type="File"
    LastWriteTime="132476519048003398"
    Private="true" />
  <Object
    Path="C:\GitHub\PLC\Lecture_07_jbl\Physical\Config1\Config.pkg"
    LogicalPath="Config1"
    Type="Configuration.ParentUnknown"
    LastWriteTime="132464585241382733" />
  <Object
    Path="C:\GitHub\PLC\Lecture_07_jbl\Physical\Config1\Hardware.hw"
    LogicalPath="Config1.Hardware.hw"
    Type="File"
    LastWriteTime="132475755436867905"
    Private="false" />
  <Object
    Path="C:\GitHub\PLC\Lecture_07_jbl\Physical\Config1\Hardware.hwl"
    LogicalPath="Config1.Hardware.hwl"
    Type="File"
    LastWriteTime="132464593566296030"
    Private="false" />
  <Object
    Path="C:\GitHub\PLC\Lecture_07_jbl\Physical\Config1\X20CP1382\Cpu.pkg"
    LogicalPath="Config1.X20CP1382"
    Type="Cpu"
    LastWriteTime="132464585215550731" />
  <Object
    Path="C:\GitHub\PLC\Lecture_07_jbl\Physical\Config1\X20CP1382\Cpu.sw"
    LogicalPath="Config1.X20CP1382.Cpu.sw"
    Type="File"
    LastWriteTime="132476517338695764"
    Private="false" />
  <Object
    Path="C:\GitHub\PLC\Lecture_07_jbl\Physical\Config1\X20CP1382\Cpu.per"
    LogicalPath="Config1.X20CP1382.Cpu.per"
    Type="File"
    LastWriteTime="132464585211457794"
    Private="false" />
  <Object
    Path="C:\GitHub\PLC\Lecture_07_jbl\Physical\Config1\X20CP1382\IoMap.iom"
    LogicalPath="Config1.X20CP1382.IoMap.iom"
    Type="File"
    LastWriteTime="132464585211577537"
    Private="false" />
  <Object
    Path="C:\GitHub\PLC\Lecture_07_jbl\Physical\Config1\X20CP1382\PvMap.vvm"
    LogicalPath="Config1.X20CP1382.PvMap.vvm"
    Type="File"
    LastWriteTime="132464585211686900"
    Private="false" />
  <Object
    Path="C:\GitHub\PLC\Lecture_07_jbl\Physical\Config1\X20CP1382\Connectivity\Package.pkg"
    LogicalPath="Config1.X20CP1382.Connectivity"
    Type="Package"
    LastWriteTime="132464585212337537" />
  <Object
    Path="C:\GitHub\PLC\Lecture_07_jbl\Physical\Config1\X20CP1382\Connectivity\OpcUA\Package.pkg"
    LogicalPath="Config1.X20CP1382.Connectivity.OpcUA"
    Type="Package"
    LastWriteTime="132464585212257756" />
  <Object
    Path="C:\GitHub\PLC\Lecture_07_jbl\Physical\Config1\X20CP1382\TextSystem\Package.pkg"
    LogicalPath="Config1.X20CP1382.TextSystem"
    Type="Package"
    LastWriteTime="132464585212507086" />
  <Object
    Path="C:\GitHub\PLC\Lecture_07_jbl\Physical\Config1\X20CP1382\UnitSystem\Package.pkg"
    LogicalPath="Config1.X20CP1382.UnitSystem"
    Type="Package"
    LastWriteTime="132464585212676625" />
  <Object
    Path="C:\GitHub\PLC\Lecture_07_jbl\Physical\Config1\X20CP1382\AccessAndSecurity\Package.pkg"
    LogicalPath="Config1.X20CP1382.AccessAndSecurity"
    Type="Package"
    LastWriteTime="132464585214752872" />
  <Object
    Path="C:\GitHub\PLC\Lecture_07_jbl\Physical\Config1\X20CP1382\AccessAndSecurity\UserRoleSystem\Package.pkg"
    LogicalPath="Config1.X20CP1382.AccessAndSecurity.UserRoleSystem"
    Type="Package"
    LastWriteTime="132464585213205218" />
  <Object
    Path="C:\GitHub\PLC\Lecture_07_jbl\Physical\Config1\X20CP1382\AccessAndSecurity\UserRoleSystem\Role.role"
    LogicalPath="Config1.X20CP1382.AccessAndSecurity.UserRoleSystem.Role.role"
    Type="File"
    LastWriteTime="132464585213095526"
    Private="false" />
  <Object
    Path="C:\GitHub\PLC\Lecture_07_jbl\Physical\Config1\X20CP1382\AccessAndSecurity\UserRoleSystem\User.user"
    LogicalPath="Config1.X20CP1382.AccessAndSecurity.UserRoleSystem.User.user"
    Type="File"
    LastWriteTime="132464585213195244"
    Private="false" />
  <Object
    Path="C:\GitHub\PLC\Lecture_07_jbl\Physical\Config1\X20CP1382\AccessAndSecurity\CertificateStore\Package.pkg"
    LogicalPath="Config1.X20CP1382.AccessAndSecurity.CertificateStore"
    Type="Package"
    LastWriteTime="132464585214342180" />
  <Object
    Path="C:\GitHub\PLC\Lecture_07_jbl\Physical\Config1\X20CP1382\AccessAndSecurity\CertificateStore\OwnCertificates\Package.pkg"
    LogicalPath="Config1.X20CP1382.AccessAndSecurity.CertificateStore.OwnCertificates"
    Type="Package"
    LastWriteTime="132464585213614125" />
  <Object
    Path="C:\GitHub\PLC\Lecture_07_jbl\Physical\Config1\X20CP1382\AccessAndSecurity\CertificateStore\OwnCertificates\Certificates\Package.pkg"
    LogicalPath="Config1.X20CP1382.AccessAndSecurity.CertificateStore.OwnCertificates.Certificates"
    Type="Package"
    LastWriteTime="132464585213434609" />
  <Object
    Path="C:\GitHub\PLC\Lecture_07_jbl\Physical\Config1\X20CP1382\AccessAndSecurity\CertificateStore\OwnCertificates\PrivateKeys\Package.pkg"
    LogicalPath="Config1.X20CP1382.AccessAndSecurity.CertificateStore.OwnCertificates.PrivateKeys"
    Type="Package"
    LastWriteTime="132464585213534337" />
  <Object
    Path="C:\GitHub\PLC\Lecture_07_jbl\Physical\Config1\X20CP1382\AccessAndSecurity\CertificateStore\ThirdPartyCertificates\Package.pkg"
    LogicalPath="Config1.X20CP1382.AccessAndSecurity.CertificateStore.ThirdPartyCertificates"
    Type="Package"
    LastWriteTime="132464585213953217" />
  <Object
    Path="C:\GitHub\PLC\Lecture_07_jbl\Physical\Config1\X20CP1382\AccessAndSecurity\CertificateStore\ThirdPartyCertificates\SoftwareCertificates\Package.pkg"
    LogicalPath="Config1.X20CP1382.AccessAndSecurity.CertificateStore.ThirdPartyCertificates.SoftwareCertificates"
    Type="Package"
    LastWriteTime="132464585213863571" />
  <Object
    Path="C:\GitHub\PLC\Lecture_07_jbl\Physical\Config1\X20CP1382\AccessAndSecurity\CertificateStore\CertificateRevocationLists\Package.pkg"
    LogicalPath="Config1.X20CP1382.AccessAndSecurity.CertificateStore.CertificateRevocationLists"
    Type="Package"
    LastWriteTime="132464585214112792" />
  <Object
    Path="C:\GitHub\PLC\Lecture_07_jbl\Physical\Config1\X20CP1382\AccessAndSecurity\CertificateStore\CertificateSigningRequests\Package.pkg"
    LogicalPath="Config1.X20CP1382.AccessAndSecurity.CertificateStore.CertificateSigningRequests"
    Type="Package"
    LastWriteTime="132464585214272376" />
  <Object
    Path="C:\GitHub\PLC\Lecture_07_jbl\Physical\Config1\X20CP1382\AccessAndSecurity\TransportLayerSecurity\Package.pkg"
    LogicalPath="Config1.X20CP1382.AccessAndSecurity.TransportLayerSecurity"
    Type="Package"
    LastWriteTime="132464585214533462" />
  <Object
    Path="C:\GitHub\PLC\Lecture_07_jbl\Physical\Config1\X20CP1382\AccessAndSecurity\Firewall\Package.pkg"
    LogicalPath="Config1.X20CP1382.AccessAndSecurity.Firewall"
    Type="Package"
    LastWriteTime="132464585214732928" />
  <Object
    Path="C:\GitHub\PLC\Lecture_07_jbl\Physical\Config1\X20CP1382\AccessAndSecurity\Firewall\Rules.firewallRules"
    LogicalPath="Config1.X20CP1382.AccessAndSecurity.Firewall.Rules.firewallRules"
    Type="File"
    LastWriteTime="132464585214722947"
    Private="false" />
  <Object
    Path="C:\GitHub\PLC\Lecture_07_jbl\Physical\Config1\X20CP1382\mappControl\Package.pkg"
    LogicalPath="Config1.X20CP1382.mappControl"
    Type="Package"
    LastWriteTime="132464585214932397" />
  <Object
    Path="C:\GitHub\PLC\Lecture_07_jbl\Physical\Config1\X20CP1382\mappMotion\Package.pkg"
    LogicalPath="Config1.X20CP1382.mappMotion"
    Type="Package"
    LastWriteTime="132464585215101942" />
  <Object
    Path="C:\GitHub\PLC\Lecture_07_jbl\Physical\Config1\X20CP1382\mappServices\Package.pkg"
    LogicalPath="Config1.X20CP1382.mappServices"
    Type="Package"
    LastWriteTime="132464585215231596" />
  <Object
    Path="C:\GitHub\PLC\Lecture_07_jbl\Physical\Config1\X20CP1382\mappView\Package.pkg"
    LogicalPath="Config1.X20CP1382.mappView"
    Type="Package"
    LastWriteTime="132464585215351269" />
  <Object
    Path="C:\GitHub\PLC\Lecture_07_jbl\Physical\Config1\X20CP1382\mappCockpit\Package.pkg"
    LogicalPath="Config1.X20CP1382.mappCockpit"
    Type="Package"
    LastWriteTime="132464585215530791" />
  <Object
    Path="C:\GitHub\PLC\Lecture_07_jbl\Physical\Config1\Hardware.jpg"
    LogicalPath="Config1.Hardware.jpg"
    Type="File"
    LastWriteTime="132464593566452246"
    Private="false" />
</Objects>