<?xml version="1.0" encoding="utf-8"?>
<?AutomationStudio Version="4.8.2.72"?>
<Objects>
  <Object
    Path="C:\Users\andre\Documents\GitHub\PLC\lektion_8_agdp\lektion_8_agdp\Logical\Package.pkg"
    LogicalPath=""
    Type="Package.ParentUnknown"
    LastWriteTime="132478468098148860" />
  <Object
    Path="C:\Users\andre\Documents\GitHub\PLC\lektion_8_agdp\lektion_8_agdp\Logical\Global.typ"
    LogicalPath="Global.typ"
    Type="File"
    LastWriteTime="132478444058890142"
    Private="false" />
  <Object
    Path="C:\Users\andre\Documents\GitHub\PLC\lektion_8_agdp\lektion_8_agdp\Logical\Global.var"
    LogicalPath="Global.var"
    Type="File"
    LastWriteTime="132478444059039964"
    Private="false" />
  <Object
    Path="C:\Users\andre\Documents\GitHub\PLC\lektion_8_agdp\lektion_8_agdp\Logical\Libraries\Package.pkg"
    LogicalPath="Libraries"
    Type="Package"
    LastWriteTime="132478444089109997" />
  <Object
    Path="C:\Users\andre\Documents\GitHub\PLC\lektion_8_agdp\lektion_8_agdp\Logical\Libraries\operator\binary.lby"
    LogicalPath="Libraries.operator"
    Type="Library"
    LastWriteTime="132478444080509987" />
  <Object
    Path="C:\Users\andre\Documents\GitHub\PLC\lektion_8_agdp\lektion_8_agdp\Logical\Libraries\operator\operator.fun"
    LogicalPath="Libraries.operator.operator.fun"
    Type="File"
    LastWriteTime="132478444080400350"
    Private="false" />
  <Object
    Path="C:\Users\andre\Documents\GitHub\PLC\lektion_8_agdp\lektion_8_agdp\Logical\Libraries\operator\operator.typ"
    LogicalPath="Libraries.operator.operator.typ"
    Type="File"
    LastWriteTime="132478444080429977"
    Private="false" />
  <Object
    Path="C:\Users\andre\Documents\GitHub\PLC\lektion_8_agdp\lektion_8_agdp\Logical\Libraries\operator\operator.var"
    LogicalPath="Libraries.operator.operator.var"
    Type="File"
    LastWriteTime="132478444080499997"
    Private="false" />
  <Object
    Path="C:\Users\andre\Documents\GitHub\PLC\lektion_8_agdp\lektion_8_agdp\Logical\Libraries\runtime\binary.lby"
    LogicalPath="Libraries.runtime"
    Type="Library"
    LastWriteTime="132478444083319993" />
  <Object
    Path="C:\Users\andre\Documents\GitHub\PLC\lektion_8_agdp\lektion_8_agdp\Logical\Libraries\runtime\runtime.fun"
    LogicalPath="Libraries.runtime.runtime.fun"
    Type="File"
    LastWriteTime="132478444083240008"
    Private="false" />
  <Object
    Path="C:\Users\andre\Documents\GitHub\PLC\lektion_8_agdp\lektion_8_agdp\Logical\Libraries\runtime\runtime.typ"
    LogicalPath="Libraries.runtime.runtime.typ"
    Type="File"
    LastWriteTime="132478444083259965"
    Private="false" />
  <Object
    Path="C:\Users\andre\Documents\GitHub\PLC\lektion_8_agdp\lektion_8_agdp\Logical\Libraries\runtime\runtime.var"
    LogicalPath="Libraries.runtime.runtime.var"
    Type="File"
    LastWriteTime="132478444083319993"
    Private="false" />
  <Object
    Path="C:\Users\andre\Documents\GitHub\PLC\lektion_8_agdp\lektion_8_agdp\Logical\Libraries\astime\binary.lby"
    LogicalPath="Libraries.astime"
    Type="Library"
    LastWriteTime="132478444086189981" />
  <Object
    Path="C:\Users\andre\Documents\GitHub\PLC\lektion_8_agdp\lektion_8_agdp\Logical\Libraries\astime\astime.fun"
    LogicalPath="Libraries.astime.astime.fun"
    Type="File"
    LastWriteTime="132478444086140203"
    Private="false" />
  <Object
    Path="C:\Users\andre\Documents\GitHub\PLC\lektion_8_agdp\lektion_8_agdp\Logical\Libraries\astime\astime.typ"
    LogicalPath="Libraries.astime.astime.typ"
    Type="File"
    LastWriteTime="132478444086170002"
    Private="false" />
  <Object
    Path="C:\Users\andre\Documents\GitHub\PLC\lektion_8_agdp\lektion_8_agdp\Logical\Libraries\astime\astime.var"
    LogicalPath="Libraries.astime.astime.var"
    Type="File"
    LastWriteTime="132478444086189981"
    Private="false" />
  <Object
    Path="C:\Users\andre\Documents\GitHub\PLC\lektion_8_agdp\lektion_8_agdp\Logical\Libraries\AsIecCon\binary.lby"
    LogicalPath="Libraries.AsIecCon"
    Type="Library"
    LastWriteTime="132478444089009982" />
  <Object
    Path="C:\Users\andre\Documents\GitHub\PLC\lektion_8_agdp\lektion_8_agdp\Logical\Libraries\AsIecCon\AsIecCon.fun"
    LogicalPath="Libraries.AsIecCon.AsIecCon.fun"
    Type="File"
    LastWriteTime="132478444088960259"
    Private="false" />
  <Object
    Path="C:\Users\andre\Documents\GitHub\PLC\lektion_8_agdp\lektion_8_agdp\Logical\Libraries\AsIecCon\AsIecCon.typ"
    LogicalPath="Libraries.AsIecCon.AsIecCon.typ"
    Type="File"
    LastWriteTime="132478444088979996"
    Private="false" />
  <Object
    Path="C:\Users\andre\Documents\GitHub\PLC\lektion_8_agdp\lektion_8_agdp\Logical\Libraries\AsIecCon\AsIecCon.var"
    LogicalPath="Libraries.AsIecCon.AsIecCon.var"
    Type="File"
    LastWriteTime="132478444089009982"
    Private="false" />
  <Object
    Path="C:\Users\andre\Documents\GitHub\PLC\lektion_8_agdp\lektion_8_agdp\Logical\assignment1\IEC.prg"
    LogicalPath="assignment1"
    Type="Program"
    LastWriteTime="132478444698816275" />
  <Object
    Path="C:\Users\andre\Documents\GitHub\PLC\lektion_8_agdp\lektion_8_agdp\Logical\assignment1\Main.st"
    LogicalPath="assignment1.Main.st"
    Type="File"
    LastWriteTime="132478454312892541"
    Private="false" />
  <Object
    Path="C:\Users\andre\Documents\GitHub\PLC\lektion_8_agdp\lektion_8_agdp\Logical\assignment1\Types.typ"
    LogicalPath="assignment1.Types.typ"
    Type="File"
    LastWriteTime="132478444698806259"
    Private="true" />
  <Object
    Path="C:\Users\andre\Documents\GitHub\PLC\lektion_8_agdp\lektion_8_agdp\Logical\assignment1\Variables.var"
    LogicalPath="assignment1.Variables.var"
    Type="File"
    LastWriteTime="132478451699806376"
    Private="true" />
  <Object
    Path="C:\Users\andre\Documents\GitHub\PLC\lektion_8_agdp\lektion_8_agdp\Logical\assignment2\IEC.prg"
    LogicalPath="assignment2"
    Type="Program"
    LastWriteTime="132478461636112169" />
  <Object
    Path="C:\Users\andre\Documents\GitHub\PLC\lektion_8_agdp\lektion_8_agdp\Logical\assignment2\Main.st"
    LogicalPath="assignment2.Main.st"
    Type="File"
    LastWriteTime="132478475272600537"
    Private="false" />
  <Object
    Path="C:\Users\andre\Documents\GitHub\PLC\lektion_8_agdp\lektion_8_agdp\Logical\assignment2\Types.typ"
    LogicalPath="assignment2.Types.typ"
    Type="File"
    LastWriteTime="132478461636082155"
    Private="true" />
  <Object
    Path="C:\Users\andre\Documents\GitHub\PLC\lektion_8_agdp\lektion_8_agdp\Logical\assignment2\Variables.var"
    LogicalPath="assignment2.Variables.var"
    Type="File"
    LastWriteTime="132478473514742757"
    Private="true" />
  <Object
    Path="C:\Users\andre\Documents\GitHub\PLC\lektion_8_agdp\lektion_8_agdp\Physical\Config1\Config.pkg"
    LogicalPath="Config1"
    Type="Configuration.ParentUnknown"
    LastWriteTime="132478444110549995" />
  <Object
    Path="C:\Users\andre\Documents\GitHub\PLC\lektion_8_agdp\lektion_8_agdp\Physical\Config1\Hardware.hw"
    LogicalPath="Config1.Hardware.hw"
    Type="File"
    LastWriteTime="132478445151683707"
    Private="false" />
  <Object
    Path="C:\Users\andre\Documents\GitHub\PLC\lektion_8_agdp\lektion_8_agdp\Physical\Config1\Hardware.hwl"
    LogicalPath="Config1.Hardware.hwl"
    Type="File"
    LastWriteTime="132478444801973291"
    Private="false" />
  <Object
    Path="C:\Users\andre\Documents\GitHub\PLC\lektion_8_agdp\lektion_8_agdp\Physical\Config1\X20CP1382\Cpu.pkg"
    LogicalPath="Config1.X20CP1382"
    Type="Cpu"
    LastWriteTime="132478444093820230" />
  <Object
    Path="C:\Users\andre\Documents\GitHub\PLC\lektion_8_agdp\lektion_8_agdp\Physical\Config1\X20CP1382\Cpu.sw"
    LogicalPath="Config1.X20CP1382.Cpu.sw"
    Type="File"
    LastWriteTime="132478468098308917"
    Private="false" />
  <Object
    Path="C:\Users\andre\Documents\GitHub\PLC\lektion_8_agdp\lektion_8_agdp\Physical\Config1\X20CP1382\Cpu.per"
    LogicalPath="Config1.X20CP1382.Cpu.per"
    Type="File"
    LastWriteTime="132478444091539970"
    Private="false" />
  <Object
    Path="C:\Users\andre\Documents\GitHub\PLC\lektion_8_agdp\lektion_8_agdp\Physical\Config1\X20CP1382\IoMap.iom"
    LogicalPath="Config1.X20CP1382.IoMap.iom"
    Type="File"
    LastWriteTime="132478444091600012"
    Private="false" />
  <Object
    Path="C:\Users\andre\Documents\GitHub\PLC\lektion_8_agdp\lektion_8_agdp\Physical\Config1\X20CP1382\PvMap.vvm"
    LogicalPath="Config1.X20CP1382.PvMap.vvm"
    Type="File"
    LastWriteTime="132478444091660265"
    Private="false" />
  <Object
    Path="C:\Users\andre\Documents\GitHub\PLC\lektion_8_agdp\lektion_8_agdp\Physical\Config1\X20CP1382\Connectivity\Package.pkg"
    LogicalPath="Config1.X20CP1382.Connectivity"
    Type="Package"
    LastWriteTime="132478444092040009" />
  <Object
    Path="C:\Users\andre\Documents\GitHub\PLC\lektion_8_agdp\lektion_8_agdp\Physical\Config1\X20CP1382\Connectivity\OpcUA\Package.pkg"
    LogicalPath="Config1.X20CP1382.Connectivity.OpcUA"
    Type="Package"
    LastWriteTime="132478444092030019" />
  <Object
    Path="C:\Users\andre\Documents\GitHub\PLC\lektion_8_agdp\lektion_8_agdp\Physical\Config1\X20CP1382\TextSystem\Package.pkg"
    LogicalPath="Config1.X20CP1382.TextSystem"
    Type="Package"
    LastWriteTime="132478444092190257" />
  <Object
    Path="C:\Users\andre\Documents\GitHub\PLC\lektion_8_agdp\lektion_8_agdp\Physical\Config1\X20CP1382\UnitSystem\Package.pkg"
    LogicalPath="Config1.X20CP1382.UnitSystem"
    Type="Package"
    LastWriteTime="132478444092300262" />
  <Object
    Path="C:\Users\andre\Documents\GitHub\PLC\lektion_8_agdp\lektion_8_agdp\Physical\Config1\X20CP1382\AccessAndSecurity\Package.pkg"
    LogicalPath="Config1.X20CP1382.AccessAndSecurity"
    Type="Package"
    LastWriteTime="132478444093419999" />
  <Object
    Path="C:\Users\andre\Documents\GitHub\PLC\lektion_8_agdp\lektion_8_agdp\Physical\Config1\X20CP1382\AccessAndSecurity\UserRoleSystem\Package.pkg"
    LogicalPath="Config1.X20CP1382.AccessAndSecurity.UserRoleSystem"
    Type="Package"
    LastWriteTime="132478444092610006" />
  <Object
    Path="C:\Users\andre\Documents\GitHub\PLC\lektion_8_agdp\lektion_8_agdp\Physical\Config1\X20CP1382\AccessAndSecurity\UserRoleSystem\Role.role"
    LogicalPath="Config1.X20CP1382.AccessAndSecurity.UserRoleSystem.Role.role"
    Type="File"
    LastWriteTime="132478444092539979"
    Private="false" />
  <Object
    Path="C:\Users\andre\Documents\GitHub\PLC\lektion_8_agdp\lektion_8_agdp\Physical\Config1\X20CP1382\AccessAndSecurity\UserRoleSystem\User.user"
    LogicalPath="Config1.X20CP1382.AccessAndSecurity.UserRoleSystem.User.user"
    Type="File"
    LastWriteTime="132478444092599980"
    Private="false" />
  <Object
    Path="C:\Users\andre\Documents\GitHub\PLC\lektion_8_agdp\lektion_8_agdp\Physical\Config1\X20CP1382\AccessAndSecurity\CertificateStore\Package.pkg"
    LogicalPath="Config1.X20CP1382.AccessAndSecurity.CertificateStore"
    Type="Package"
    LastWriteTime="132478444093189968" />
  <Object
    Path="C:\Users\andre\Documents\GitHub\PLC\lektion_8_agdp\lektion_8_agdp\Physical\Config1\X20CP1382\AccessAndSecurity\CertificateStore\OwnCertificates\Package.pkg"
    LogicalPath="Config1.X20CP1382.AccessAndSecurity.CertificateStore.OwnCertificates"
    Type="Package"
    LastWriteTime="132478444092879998" />
  <Object
    Path="C:\Users\andre\Documents\GitHub\PLC\lektion_8_agdp\lektion_8_agdp\Physical\Config1\X20CP1382\AccessAndSecurity\CertificateStore\OwnCertificates\Certificates\Package.pkg"
    LogicalPath="Config1.X20CP1382.AccessAndSecurity.CertificateStore.OwnCertificates.Certificates"
    Type="Package"
    LastWriteTime="132478444092760018" />
  <Object
    Path="C:\Users\andre\Documents\GitHub\PLC\lektion_8_agdp\lektion_8_agdp\Physical\Config1\X20CP1382\AccessAndSecurity\CertificateStore\OwnCertificates\PrivateKeys\Package.pkg"
    LogicalPath="Config1.X20CP1382.AccessAndSecurity.CertificateStore.OwnCertificates.PrivateKeys"
    Type="Package"
    LastWriteTime="132478444092830304" />
  <Object
    Path="C:\Users\andre\Documents\GitHub\PLC\lektion_8_agdp\lektion_8_agdp\Physical\Config1\X20CP1382\AccessAndSecurity\CertificateStore\ThirdPartyCertificates\Package.pkg"
    LogicalPath="Config1.X20CP1382.AccessAndSecurity.CertificateStore.ThirdPartyCertificates"
    Type="Package"
    LastWriteTime="132478444093049999" />
  <Object
    Path="C:\Users\andre\Documents\GitHub\PLC\lektion_8_agdp\lektion_8_agdp\Physical\Config1\X20CP1382\AccessAndSecurity\CertificateStore\ThirdPartyCertificates\SoftwareCertificates\Package.pkg"
    LogicalPath="Config1.X20CP1382.AccessAndSecurity.CertificateStore.ThirdPartyCertificates.SoftwareCertificates"
    Type="Package"
    LastWriteTime="132478444092999980" />
  <Object
    Path="C:\Users\andre\Documents\GitHub\PLC\lektion_8_agdp\lektion_8_agdp\Physical\Config1\X20CP1382\AccessAndSecurity\CertificateStore\CertificateRevocationLists\Package.pkg"
    LogicalPath="Config1.X20CP1382.AccessAndSecurity.CertificateStore.CertificateRevocationLists"
    Type="Package"
    LastWriteTime="132478444093119993" />
  <Object
    Path="C:\Users\andre\Documents\GitHub\PLC\lektion_8_agdp\lektion_8_agdp\Physical\Config1\X20CP1382\AccessAndSecurity\CertificateStore\CertificateSigningRequests\Package.pkg"
    LogicalPath="Config1.X20CP1382.AccessAndSecurity.CertificateStore.CertificateSigningRequests"
    Type="Package"
    LastWriteTime="132478444093189968" />
  <Object
    Path="C:\Users\andre\Documents\GitHub\PLC\lektion_8_agdp\lektion_8_agdp\Physical\Config1\X20CP1382\AccessAndSecurity\TransportLayerSecurity\Package.pkg"
    LogicalPath="Config1.X20CP1382.AccessAndSecurity.TransportLayerSecurity"
    Type="Package"
    LastWriteTime="132478444093260011" />
  <Object
    Path="C:\Users\andre\Documents\GitHub\PLC\lektion_8_agdp\lektion_8_agdp\Physical\Config1\X20CP1382\AccessAndSecurity\Firewall\Package.pkg"
    LogicalPath="Config1.X20CP1382.AccessAndSecurity.Firewall"
    Type="Package"
    LastWriteTime="132478444093409985" />
  <Object
    Path="C:\Users\andre\Documents\GitHub\PLC\lektion_8_agdp\lektion_8_agdp\Physical\Config1\X20CP1382\AccessAndSecurity\Firewall\Rules.firewallRules"
    LogicalPath="Config1.X20CP1382.AccessAndSecurity.Firewall.Rules.firewallRules"
    Type="File"
    LastWriteTime="132478444093409985"
    Private="false" />
  <Object
    Path="C:\Users\andre\Documents\GitHub\PLC\lektion_8_agdp\lektion_8_agdp\Physical\Config1\X20CP1382\mappControl\Package.pkg"
    LogicalPath="Config1.X20CP1382.mappControl"
    Type="Package"
    LastWriteTime="132478444093489983" />
  <Object
    Path="C:\Users\andre\Documents\GitHub\PLC\lektion_8_agdp\lektion_8_agdp\Physical\Config1\X20CP1382\mappMotion\Package.pkg"
    LogicalPath="Config1.X20CP1382.mappMotion"
    Type="Package"
    LastWriteTime="132478444093570001" />
  <Object
    Path="C:\Users\andre\Documents\GitHub\PLC\lektion_8_agdp\lektion_8_agdp\Physical\Config1\X20CP1382\mappServices\Package.pkg"
    LogicalPath="Config1.X20CP1382.mappServices"
    Type="Package"
    LastWriteTime="132478444093649993" />
  <Object
    Path="C:\Users\andre\Documents\GitHub\PLC\lektion_8_agdp\lektion_8_agdp\Physical\Config1\X20CP1382\mappView\Package.pkg"
    LogicalPath="Config1.X20CP1382.mappView"
    Type="Package"
    LastWriteTime="132478444093729994" />
  <Object
    Path="C:\Users\andre\Documents\GitHub\PLC\lektion_8_agdp\lektion_8_agdp\Physical\Config1\X20CP1382\mappCockpit\Package.pkg"
    LogicalPath="Config1.X20CP1382.mappCockpit"
    Type="Package"
    LastWriteTime="132478444093809980" />
  <Object
    Path="C:\Users\andre\Documents\GitHub\PLC\lektion_8_agdp\lektion_8_agdp\Physical\Config1\Hardware.jpg"
    LogicalPath="Config1.Hardware.jpg"
    Type="File"
    LastWriteTime="132478444802053300"
    Private="false" />
</Objects>